// Jest Snapshot v1, https://goo.gl/fbAQLP

exports[`ContainerIndicator render null for invalid cookieStoreId 1`] = `
Object {
  "options": Object {
    "decodeEntities": true,
    "xml": false,
  },
}
`;

exports[`ContainerIndicator render valid content if cookieStoreId is valid 1`] = `
initialize {
  "0": Node {
    "attribs": Object {
      "class": "absolute border",
      "style": "width:calc(100% - 24px);left:12px;bottom:2px;border-color:#ff0000",
    },
    "children": Array [],
    "name": "hr",
    "namespace": "http://www.w3.org/1999/xhtml",
    "next": null,
    "parent": Node {
      "children": Array [
        [Circular],
      ],
      "name": "root",
      "next": null,
      "parent": null,
      "prev": null,
      "type": "root",
    },
    "prev": null,
    "type": "tag",
    "x-attribsNamespace": Object {
      "class": undefined,
      "style": undefined,
    },
    "x-attribsPrefix": Object {
      "class": undefined,
      "style": undefined,
    },
  },
  "_root": [Circular],
  "length": 1,
  "options": Object {
    "decodeEntities": true,
    "xml": false,
  },
}
`;
